// Jest Snapshot v1, https://goo.gl/fbAQLP

exports[`Characters matches a snapshot 1`] = `
Array [
  <span>
    1
     of 
    1
  </span>,
  <div />,
]
`;
