// Jest Snapshot v1, https://goo.gl/fbAQLP

exports[`App matches a snapshot 1`] = `
Array [
  <header
    className="header"
  >
    <img
      src="/path/image"
    />
    <h1>
      Async React App
    </h1>
  </header>,
  <h1>
    My list of things
  </h1>,
  <div />,
]
`;
