// Jest Snapshot v1, https://goo.gl/fbAQLP

exports[`Header matches a snapshot 1`] = `
<header
  className="header"
>
  <img
    src="/path/image"
  />
  <h1>
    &lt;async React app/&gt;
  </h1>
</header>
`;
